Hello from test-phase